kotlin version: 2.0.21
error message: org.jetbrains.kotlin.backend.common.BackendException: Backend Internal error: Exception during IR lowering
File being compiled: C:/Users/Jellyfin/Downloads/AndroidTimelapse/app/src/main/java/de/example/timelapse/MainActivity.kt
The root cause java.lang.RuntimeException was thrown at: org.jetbrains.kotlin.backend.jvm.codegen.FunctionCodegen.generate(FunctionCodegen.kt:47)
	at org.jetbrains.kotlin.backend.common.CodegenUtil.reportBackendException(CodegenUtil.kt:253)
	at org.jetbrains.kotlin.backend.common.CodegenUtil.reportBackendException$default(CodegenUtil.kt:236)
	at org.jetbrains.kotlin.backend.common.phaser.PerformByIrFilePhase.invokeSequential(performByIrFile.kt:65)
	at org.jetbrains.kotlin.backend.common.phaser.PerformByIrFilePhase.invoke(performByIrFile.kt:52)
	at org.jetbrains.kotlin.backend.common.phaser.PerformByIrFilePhase.invoke(performByIrFile.kt:38)
	at org.jetbrains.kotlin.backend.common.phaser.NamedCompilerPhase.phaseBody(CompilerPhase.kt:166)
	at org.jetbrains.kotlin.backend.common.phaser.AbstractNamedCompilerPhase.invoke(CompilerPhase.kt:113)
	at org.jetbrains.kotlin.backend.common.phaser.CompositePhase.invoke(PhaseBuilders.kt:27)
	at org.jetbrains.kotlin.backend.common.phaser.CompositePhase.invoke(PhaseBuilders.kt:14)
	at org.jetbrains.kotlin.backend.common.phaser.NamedCompilerPhase.phaseBody(CompilerPhase.kt:166)
	at org.jetbrains.kotlin.backend.common.phaser.AbstractNamedCompilerPhase.invoke(CompilerPhase.kt:113)
	at org.jetbrains.kotlin.backend.common.phaser.CompilerPhaseKt.invokeToplevel(CompilerPhase.kt:62)
	at org.jetbrains.kotlin.backend.jvm.JvmIrCodegenFactory.invokeCodegen(JvmIrCodegenFactory.kt:371)
	at org.jetbrains.kotlin.codegen.CodegenFactory.generateModule(CodegenFactory.kt:47)
	at org.jetbrains.kotlin.backend.jvm.JvmIrCodegenFactory.generateModuleInFrontendIRMode(JvmIrCodegenFactory.kt:433)
	at org.jetbrains.kotlin.cli.jvm.compiler.pipeline.JvmCompilerPipelineKt.generateCodeFromIr(jvmCompilerPipeline.kt:246)
	at org.jetbrains.kotlin.cli.jvm.compiler.pipeline.JvmCompilerPipelineKt.compileModulesUsingFrontendIrAndLightTree(jvmCompilerPipeline.kt:142)
	at org.jetbrains.kotlin.cli.jvm.K2JVMCompiler.doExecute(K2JVMCompiler.kt:148)
	at org.jetbrains.kotlin.cli.jvm.K2JVMCompiler.doExecute(K2JVMCompiler.kt:43)
	at org.jetbrains.kotlin.cli.common.CLICompiler.execImpl(CLICompiler.kt:103)
	at org.jetbrains.kotlin.cli.common.CLICompiler.execImpl(CLICompiler.kt:49)
	at org.jetbrains.kotlin.cli.common.CLITool.exec(CLITool.kt:101)
	at org.jetbrains.kotlin.incremental.IncrementalJvmCompilerRunner.runCompiler(IncrementalJvmCompilerRunner.kt:464)
	at org.jetbrains.kotlin.incremental.IncrementalJvmCompilerRunner.runCompiler(IncrementalJvmCompilerRunner.kt:73)
	at org.jetbrains.kotlin.incremental.IncrementalCompilerRunner.doCompile(IncrementalCompilerRunner.kt:506)
	at org.jetbrains.kotlin.incremental.IncrementalCompilerRunner.compileImpl(IncrementalCompilerRunner.kt:423)
	at org.jetbrains.kotlin.incremental.IncrementalCompilerRunner.compileNonIncrementally(IncrementalCompilerRunner.kt:301)
	at org.jetbrains.kotlin.incremental.IncrementalCompilerRunner.compile(IncrementalCompilerRunner.kt:129)
	at org.jetbrains.kotlin.daemon.CompileServiceImplBase.execIncrementalCompiler(CompileServiceImpl.kt:675)
	at org.jetbrains.kotlin.daemon.CompileServiceImplBase.access$execIncrementalCompiler(CompileServiceImpl.kt:92)
	at org.jetbrains.kotlin.daemon.CompileServiceImpl.compile(CompileServiceImpl.kt:1660)
	at java.base/jdk.internal.reflect.DirectMethodHandleAccessor.invoke(Unknown Source)
	at java.base/java.lang.reflect.Method.invoke(Unknown Source)
	at java.rmi/sun.rmi.server.UnicastServerRef.dispatch(Unknown Source)
	at java.rmi/sun.rmi.transport.Transport.serviceCall(Unknown Source)
	at java.rmi/sun.rmi.transport.tcp.TCPTransport.handleMessages(Unknown Source)
	at java.rmi/sun.rmi.transport.tcp.TCPTransport$ConnectionHandler.run0(Unknown Source)
	at java.rmi/sun.rmi.transport.tcp.TCPTransport$ConnectionHandler.run(Unknown Source)
	at java.base/java.util.concurrent.ThreadPoolExecutor.runWorker(Unknown Source)
	at java.base/java.util.concurrent.ThreadPoolExecutor$Worker.run(Unknown Source)
	at java.base/java.lang.Thread.run(Unknown Source)
Caused by: java.lang.RuntimeException: Exception while generating code for:
FUN name:SettingsScreen visibility:private modality:FINAL <> ($this:de.example.timelapse.MainActivity) returnType:kotlin.Unit
  annotations:
    Composable
  $this: VALUE_PARAMETER name:<this> type:de.example.timelapse.MainActivity
  BLOCK_BODY
    VAR name:s type:de.example.timelapse.SettingsManager [val]
      CALL 'public final fun remember <T> (calculation: @[DisallowComposableCalls] kotlin.Function0<T of androidx.compose.runtime.ComposablesKt.remember>): T of androidx.compose.runtime.ComposablesKt.remember [inline] declared in androidx.compose.runtime.ComposablesKt' type=de.example.timelapse.SettingsManager origin=null
        <T>: de.example.timelapse.SettingsManager
        calculation: BLOCK type=kotlin.Function0<de.example.timelapse.SettingsManager> origin=LAMBDA
          COMPOSITE type=kotlin.Unit origin=null
          FUNCTION_REFERENCE 'private final fun SettingsScreen$lambda$2 (this$0: de.example.timelapse.MainActivity): de.example.timelapse.SettingsManager declared in de.example.timelapse.MainActivity' type=kotlin.Function0<de.example.timelapse.SettingsManager> origin=INLINE_LAMBDA reflectionTarget=null
            this$0: GET_VAR '<this>: de.example.timelapse.MainActivity declared in de.example.timelapse.MainActivity.SettingsScreen' type=de.example.timelapse.MainActivity origin=null
    VAR PROPERTY_DELEGATE name:enabled$delegate type:androidx.compose.runtime.MutableState<kotlin.Boolean> [val]
      CALL 'public final fun remember <T> (calculation: @[DisallowComposableCalls] kotlin.Function0<T of androidx.compose.runtime.ComposablesKt.remember>): T of androidx.compose.runtime.ComposablesKt.remember [inline] declared in androidx.compose.runtime.ComposablesKt' type=androidx.compose.runtime.MutableState<kotlin.Boolean> origin=null
        <T>: androidx.compose.runtime.MutableState<kotlin.Boolean>
        calculation: BLOCK type=kotlin.Function0<androidx.compose.runtime.MutableState<kotlin.Boolean>> origin=LAMBDA
          COMPOSITE type=kotlin.Unit origin=null
          FUNCTION_REFERENCE 'private final fun SettingsScreen$lambda$3 ($s: de.example.timelapse.SettingsManager): androidx.compose.runtime.MutableState<kotlin.Boolean> declared in de.example.timelapse.MainActivity' type=kotlin.Function0<androidx.compose.runtime.MutableState<kotlin.Boolean>> origin=INLINE_LAMBDA reflectionTarget=null
            $s: GET_VAR 'val s: de.example.timelapse.SettingsManager [val] declared in de.example.timelapse.MainActivity.SettingsScreen' type=de.example.timelapse.SettingsManager origin=null
    VAR PROPERTY_DELEGATE name:smb$delegate type:androidx.compose.runtime.MutableState<kotlin.Boolean> [val]
      CALL 'public final fun remember <T> (calculation: @[DisallowComposableCalls] kotlin.Function0<T of androidx.compose.runtime.ComposablesKt.remember>): T of androidx.compose.runtime.ComposablesKt.remember [inline] declared in androidx.compose.runtime.ComposablesKt' type=androidx.compose.runtime.MutableState<kotlin.Boolean> origin=null
        <T>: androidx.compose.runtime.MutableState<kotlin.Boolean>
        calculation: BLOCK type=kotlin.Function0<androidx.compose.runtime.MutableState<kotlin.Boolean>> origin=LAMBDA
          COMPOSITE type=kotlin.Unit origin=null
          FUNCTION_REFERENCE 'private final fun SettingsScreen$lambda$6 ($s: de.example.timelapse.SettingsManager): androidx.compose.runtime.MutableState<kotlin.Boolean> declared in de.example.timelapse.MainActivity' type=kotlin.Function0<androidx.compose.runtime.MutableState<kotlin.Boolean>> origin=INLINE_LAMBDA reflectionTarget=null
            $s: GET_VAR 'val s: de.example.timelapse.SettingsManager [val] declared in de.example.timelapse.MainActivity.SettingsScreen' type=de.example.timelapse.SettingsManager origin=null
    VAR PROPERTY_DELEGATE name:host$delegate type:androidx.compose.runtime.MutableState<kotlin.String> [val]
      CALL 'public final fun remember <T> (calculation: @[DisallowComposableCalls] kotlin.Function0<T of androidx.compose.runtime.ComposablesKt.remember>): T of androidx.compose.runtime.ComposablesKt.remember [inline] declared in androidx.compose.runtime.ComposablesKt' type=androidx.compose.runtime.MutableState<kotlin.String> origin=null
        <T>: androidx.compose.runtime.MutableState<kotlin.String>
        calculation: BLOCK type=kotlin.Function0<androidx.compose.runtime.MutableState<kotlin.String>> origin=LAMBDA
          COMPOSITE type=kotlin.Unit origin=null
          FUNCTION_REFERENCE 'private final fun SettingsScreen$lambda$9 ($s: de.example.timelapse.SettingsManager): androidx.compose.runtime.MutableState<kotlin.String> declared in de.example.timelapse.MainActivity' type=kotlin.Function0<androidx.compose.runtime.MutableState<kotlin.String>> origin=INLINE_LAMBDA reflectionTarget=null
            $s: GET_VAR 'val s: de.example.timelapse.SettingsManager [val] declared in de.example.timelapse.MainActivity.SettingsScreen' type=de.example.timelapse.SettingsManager origin=null
    VAR PROPERTY_DELEGATE name:smbHost$delegate type:androidx.compose.runtime.MutableState<kotlin.String> [val]
      CALL 'public final fun remember <T> (calculation: @[DisallowComposableCalls] kotlin.Function0<T of androidx.compose.runtime.ComposablesKt.remember>): T of androidx.compose.runtime.ComposablesKt.remember [inline] declared in androidx.compose.runtime.ComposablesKt' type=androidx.compose.runtime.MutableState<kotlin.String> origin=null
        <T>: androidx.compose.runtime.MutableState<kotlin.String>
        calculation: BLOCK type=kotlin.Function0<androidx.compose.runtime.MutableState<kotlin.String>> origin=LAMBDA
          COMPOSITE type=kotlin.Unit origin=null
          FUNCTION_REFERENCE 'private final fun SettingsScreen$lambda$12 ($s: de.example.timelapse.SettingsManager): androidx.compose.runtime.MutableState<kotlin.String> declared in de.example.timelapse.MainActivity' type=kotlin.Function0<androidx.compose.runtime.MutableState<kotlin.String>> origin=INLINE_LAMBDA reflectionTarget=null
            $s: GET_VAR 'val s: de.example.timelapse.SettingsManager [val] declared in de.example.timelapse.MainActivity.SettingsScreen' type=de.example.timelapse.SettingsManager origin=null
    VAR PROPERTY_DELEGATE name:name$delegate type:androidx.compose.runtime.MutableState<kotlin.String> [val]
      CALL 'public final fun remember <T> (calculation: @[DisallowComposableCalls] kotlin.Function0<T of androidx.compose.runtime.ComposablesKt.remember>): T of androidx.compose.runtime.ComposablesKt.remember [inline] declared in androidx.compose.runtime.ComposablesKt' type=androidx.compose.runtime.MutableState<kotlin.String> origin=null
        <T>: androidx.compose.runtime.MutableState<kotlin.String>
        calculation: BLOCK type=kotlin.Function0<androidx.compose.runtime.MutableState<kotlin.String>> origin=LAMBDA
          COMPOSITE type=kotlin.Unit origin=null
          FUNCTION_REFERENCE 'private final fun SettingsScreen$lambda$15 ($s: de.example.timelapse.SettingsManager): androidx.compose.runtime.MutableState<kotlin.String> declared in de.example.timelapse.MainActivity' type=kotlin.Function0<androidx.compose.runtime.MutableState<kotlin.String>> origin=INLINE_LAMBDA reflectionTarget=null
            $s: GET_VAR 'val s: de.example.timelapse.SettingsManager [val] declared in de.example.timelapse.MainActivity.SettingsScreen' type=de.example.timelapse.SettingsManager origin=null
    VAR PROPERTY_DELEGATE name:interval$delegate type:androidx.compose.runtime.MutableState<kotlin.String> [val]
      CALL 'public final fun remember <T> (calculation: @[DisallowComposableCalls] kotlin.Function0<T of androidx.compose.runtime.ComposablesKt.remember>): T of androidx.compose.runtime.ComposablesKt.remember [inline] declared in androidx.compose.runtime.ComposablesKt' type=androidx.compose.runtime.MutableState<kotlin.String> origin=null
        <T>: androidx.compose.runtime.MutableState<kotlin.String>
        calculation: BLOCK type=kotlin.Function0<androidx.compose.runtime.MutableState<kotlin.String>> origin=LAMBDA
          COMPOSITE type=kotlin.Unit origin=null
          FUNCTION_REFERENCE 'private final fun SettingsScreen$lambda$18 ($s: de.example.timelapse.SettingsManager): androidx.compose.runtime.MutableState<kotlin.String> declared in de.example.timelapse.MainActivity' type=kotlin.Function0<androidx.compose.runtime.MutableState<kotlin.String>> origin=INLINE_LAMBDA reflectionTarget=null
            $s: GET_VAR 'val s: de.example.timelapse.SettingsManager [val] declared in de.example.timelapse.MainActivity.SettingsScreen' type=de.example.timelapse.SettingsManager origin=null
    VAR PROPERTY_DELEGATE name:cameras$delegate type:androidx.compose.runtime.MutableState<kotlin.collections.List<de.example.timelapse.camera.CameraInfo>> [val]
      CALL 'public final fun remember <T> (calculation: @[DisallowComposableCalls] kotlin.Function0<T of androidx.compose.runtime.ComposablesKt.remember>): T of androidx.compose.runtime.ComposablesKt.remember [inline] declared in androidx.compose.runtime.ComposablesKt' type=androidx.compose.runtime.MutableState<kotlin.collections.List<de.example.timelapse.camera.CameraInfo>> origin=null
        <T>: androidx.compose.runtime.MutableState<kotlin.collections.List<de.example.timelapse.camera.CameraInfo>>
        calculation: BLOCK type=kotlin.Function0<androidx.compose.runtime.MutableState<kotlin.collections.List<de.example.timelapse.camera.CameraInfo>>> origin=LAMBDA
          COMPOSITE type=kotlin.Unit origin=null
          FUNCTION_REFERENCE 'private final fun SettingsScreen$lambda$21 (): androidx.compose.runtime.MutableState<kotlin.collections.List<de.example.timelapse.camera.CameraInfo>> declared in de.example.timelapse.MainActivity' type=kotlin.Function0<androidx.compose.runtime.MutableState<kotlin.collections.List<de.example.timelapse.camera.CameraInfo>>> origin=INLINE_LAMBDA reflectionTarget=null
    CALL 'public final fun LaunchedEffect (key1: kotlin.Any?, block: @[ExtensionFunctionType] kotlin.coroutines.SuspendFunction1<kotlinx.coroutines.CoroutineScope, kotlin.Unit>): kotlin.Unit declared in androidx.compose.runtime.EffectsKt' type=kotlin.Unit origin=null
      key1: GET_FIELD 'FIELD FIELD_FOR_OBJECT_INSTANCE name:INSTANCE type:kotlin.Unit visibility:public [final,static] declared in kotlin.Unit' type=kotlin.Unit origin=null
      block: BLOCK type=de.example.timelapse.MainActivity.SettingsScreen.<no name provided> origin=null
        CLASS SUSPEND_LAMBDA CLASS name:<no name provided> modality:FINAL visibility:public/*package*/ superTypes:[kotlin.coroutines.jvm.internal.SuspendLambda; kotlin.jvm.functions.Function2<kotlinx.coroutines.CoroutineScope, kotlin.coroutines.Continuation<kotlin.Unit>?, kotlin.Any?>]
          $this: VALUE_PARAMETER INSTANCE_RECEIVER name:<this> type:de.example.timelapse.MainActivity.SettingsScreen.<no name provided>
          FIELD name:label type:kotlin.Int visibility:public/*package*/
          CONSTRUCTOR SUSPEND_LAMBDA visibility:public/*package*/ <> (this$0:de.example.timelapse.MainActivity, $s:de.example.timelapse.SettingsManager, $cameras$delegate:androidx.compose.runtime.MutableState<kotlin.collections.List<de.example.timelapse.camera.CameraInfo>>, $completion:kotlin.coroutines.Continuation<de.example.timelapse.MainActivity.SettingsScreen.<no name provided>>?) returnType:de.example.timelapse.MainActivity.SettingsScreen.<no name provided> [primary]
            VALUE_PARAMETER BOUND_RECEIVER_PARAMETER name:this$0 index:0 type:de.example.timelapse.MainActivity
            VALUE_PARAMETER BOUND_VALUE_PARAMETER name:$s index:1 type:de.example.timelapse.SettingsManager
            VALUE_PARAMETER BOUND_VALUE_PARAMETER name:$cameras$delegate index:2 type:androidx.compose.runtime.MutableState<kotlin.collections.List<de.example.timelapse.camera.CameraInfo>>
            VALUE_PARAMETER name:$completion index:3 type:kotlin.coroutines.Continuation<de.example.timelapse.MainActivity.SettingsScreen.<no name provided>>?
            BLOCK_BODY
              SET_FIELD 'FIELD FIELD_FOR_CAPTURED_VALUE name:this$0 type:de.example.timelapse.MainActivity visibility:public/*package*/ [final] declared in de.example.timelapse.MainActivity.SettingsScreen.<no name provided>' type=kotlin.Unit origin=INITIALIZER_OF_FIELD_FOR_CAPTURED_VALUE
                receiver: GET_VAR '<this>: de.example.timelapse.MainActivity.SettingsScreen.<no name provided> declared in de.example.timelapse.MainActivity.SettingsScreen.<no name provided>' type=de.example.timelapse.MainActivity.SettingsScreen.<no name provided> origin=null
                value: GET_VAR 'this$0: de.example.timelapse.MainActivity declared in de.example.timelapse.MainActivity.SettingsScreen.<no name provided>.<init>' type=de.example.timelapse.MainActivity origin=null
              SET_FIELD 'FIELD FIELD_FOR_CAPTURED_VALUE name:$s type:de.example.timelapse.SettingsManager visibility:public/*package*/ [final] declared in de.example.timelapse.MainActivity.SettingsScreen.<no name provided>' type=kotlin.Unit origin=INITIALIZER_OF_FIELD_FOR_CAPTURED_VALUE
                receiver: GET_VAR '<this>: de.example.timelapse.MainActivity.SettingsScreen.<no name provided> declared in de.example.timelapse.MainActivity.SettingsScreen.<no name provided>' type=de.example.timelapse.MainActivity.SettingsScreen.<no name provided> origin=null
                value: GET_VAR '$s: de.example.timelapse.SettingsManager declared in de.example.timelapse.MainActivity.SettingsScreen.<no name provided>.<init>' type=de.example.timelapse.SettingsManager origin=null
              SET_FIELD 'FIELD FIELD_FOR_CAPTURED_VALUE name:$cameras$delegate type:androidx.compose.runtime.MutableState<kotlin.collections.List<de.example.timelapse.camera.CameraInfo>> visibility:public/*package*/ [final] declared in de.example.timelapse.MainActivity.SettingsScreen.<no name provided>' type=kotlin.Unit origin=INITIALIZER_OF_FIELD_FOR_CAPTURED_VALUE
                receiver: GET_VAR '<this>: de.example.timelapse.MainActivity.SettingsScreen.<no name provided> declared in de.example.timelapse.MainActivity.SettingsScreen.<no name provided>' type=de.example.timelapse.MainActivity.SettingsScreen.<no name provided> origin=null
                value: GET_VAR '$cameras$delegate: androidx.compose.runtime.MutableState<kotlin.collections.List<de.example.timelapse.camera.CameraInfo>> declared in de.example.timelapse.MainActivity.SettingsScreen.<no name provided>.<init>' type=androidx.compose.runtime.MutableState<kotlin.collections.List<de.example.timelapse.camera.CameraInfo>> origin=null
              DELEGATING_CONSTRUCTOR_CALL 'public constructor <init> (arity: kotlin.Int, $completion: kotlin.coroutines.Continuation<kotlin.Any?>?) declared in kotlin.coroutines.jvm.internal.SuspendLambda'
                arity: CONST Int type=kotlin.Int value=2
                $completion: GET_VAR '$completion: kotlin.coroutines.Continuation<de.example.timelapse.MainActivity.SettingsScreen.<no name provided>>? declared in de.example.timelapse.MainActivity.SettingsScreen.<no name provided>.<init>' type=kotlin.coroutines.Continuation<de.example.timelapse.MainActivity.SettingsScreen.<no name provided>>? origin=null
              BLOCK type=kotlin.Unit origin=null
          FUN name:invokeSuspend visibility:public modality:FINAL <> ($this:de.example.timelapse.MainActivity.SettingsScreen.<no name provided>, $result:kotlin.Result<kotlin.Any?>) returnType:kotlin.Any?
            overridden:
              protected abstract fun invokeSuspend ($result: kotlin.Result<kotlin.Any?>): kotlin.Any? declared in kotlin.coroutines.jvm.internal.SuspendLambda
            $this: VALUE_PARAMETER INSTANCE_RECEIVER name:<this> type:de.example.timelapse.MainActivity.SettingsScreen.<no name provided>
            VALUE_PARAMETER name:$result index:0 type:kotlin.Result<kotlin.Any?>
            BLOCK_BODY
              CALL 'public final fun access$SettingsScreen$lambda$23 ($cameras$delegate: androidx.compose.runtime.MutableState<kotlin.collections.List<de.example.timelapse.camera.CameraInfo>>, <set-?>: kotlin.collections.List<de.example.timelapse.camera.CameraInfo>): kotlin.Unit declared in de.example.timelapse.MainActivity' type=kotlin.Unit origin=EQ
                $cameras$delegate: GET_FIELD 'FIELD FIELD_FOR_CAPTURED_VALUE name:$cameras$delegate type:androidx.compose.runtime.MutableState<kotlin.collections.List<de.example.timelapse.camera.CameraInfo>> visibility:public/*package*/ [final] declared in de.example.timelapse.MainActivity.SettingsScreen.<no name provided>' type=androidx.compose.runtime.MutableState<kotlin.collections.List<de.example.timelapse.camera.CameraInfo>> origin=null
                  receiver: GET_VAR '<this>: de.example.timelapse.MainActivity.SettingsScreen.<no name provided> declared in de.example.timelapse.MainActivity.SettingsScreen.<no name provided>.invokeSuspend' type=de.example.timelapse.MainActivity.SettingsScreen.<no name provided> origin=null
                <set-?>: CALL 'public final fun list (): kotlin.collections.List<de.example.timelapse.camera.CameraInfo> declared in de.example.timelapse.camera.CameraRepository' type=kotlin.collections.List<de.example.timelapse.camera.CameraInfo> origin=null
                  $this: CONSTRUCTOR_CALL 'public constructor <init> (context: android.content.Context) [primary] declared in de.example.timelapse.camera.CameraRepository' type=de.example.timelapse.camera.CameraRepository origin=null
                    context: GET_FIELD 'FIELD FIELD_FOR_CAPTURED_VALUE name:this$0 type:de.example.timelapse.MainActivity visibility:public/*package*/ [final] declared in de.example.timelapse.MainActivity.SettingsScreen.<no name provided>' type=de.example.timelapse.MainActivity origin=null
                      receiver: GET_VAR '<this>: de.example.timelapse.MainActivity.SettingsScreen.<no name provided> declared in de.example.timelapse.MainActivity.SettingsScreen.<no name provided>.invokeSuspend' type=de.example.timelapse.MainActivity.SettingsScreen.<no name provided> origin=null
              WHEN type=kotlin.Unit origin=IF
                BRANCH
                  if: CALL 'public final fun isBlank (): kotlin.Boolean declared in kotlin.text.StringsKt' type=kotlin.Boolean origin=null
                    $receiver: CALL 'public final fun <get-cameraId> (): kotlin.String declared in de.example.timelapse.SettingsManager' type=kotlin.String origin=GET_PROPERTY
                      $this: GET_FIELD 'FIELD FIELD_FOR_CAPTURED_VALUE name:$s type:de.example.timelapse.SettingsManager visibility:public/*package*/ [final] declared in de.example.timelapse.MainActivity.SettingsScreen.<no name provided>' type=de.example.timelapse.SettingsManager origin=null
                        receiver: GET_VAR '<this>: de.example.timelapse.MainActivity.SettingsScreen.<no name provided> declared in de.example.timelapse.MainActivity.SettingsScreen.<no name provided>.invokeSuspend' type=de.example.timelapse.MainActivity.SettingsScreen.<no name provided> origin=null
                  then: COMPOSITE type=kotlin.Unit origin=null
                    BLOCK type=kotlin.Unit? origin=FOLDED_SAFE_CALL
                      WHEN type=kotlin.Unit? origin=FOLDED_SAFE_CALL
                        BRANCH
                          if: COMPOSITE type=kotlin.Boolean origin=null
                            VAR IR_TEMPORARY_VARIABLE name:tmp0_safe_receiver type:de.example.timelapse.camera.CameraInfo? [val]
                              CALL 'public final fun firstOrNull <T> (): T of kotlin.collections.CollectionsKt.firstOrNull? declared in kotlin.collections.CollectionsKt' type=de.example.timelapse.camera.CameraInfo? origin=null
                                <T>: de.example.timelapse.camera.CameraInfo
                                $receiver: CALL 'public final fun access$SettingsScreen$lambda$22 ($cameras$delegate: androidx.compose.runtime.MutableState<kotlin.collections.List<de.example.timelapse.camera.CameraInfo>>): kotlin.collections.List<de.example.timelapse.camera.CameraInfo> declared in de.example.timelapse.MainActivity' type=kotlin.collections.List<de.example.timelapse.camera.CameraInfo> origin=GET_LOCAL_PROPERTY
                                  $cameras$delegate: GET_FIELD 'FIELD FIELD_FOR_CAPTURED_VALUE name:$cameras$delegate type:androidx.compose.runtime.MutableState<kotlin.collections.List<de.example.timelapse.camera.CameraInfo>> visibility:public/*package*/ [final] declared in de.example.timelapse.MainActivity.SettingsScreen.<no name provided>' type=androidx.compose.runtime.MutableState<kotlin.collections.List<de.example.timelapse.camera.CameraInfo>> origin=null
                                    receiver: GET_VAR '<this>: de.example.timelapse.MainActivity.SettingsScreen.<no name provided> declared in de.example.timelapse.MainActivity.SettingsScreen.<no name provided>.invokeSuspend' type=de.example.timelapse.MainActivity.SettingsScreen.<no name provided> origin=null
                            CALL 'public final fun not (): kotlin.Boolean [operator] declared in kotlin.Boolean' type=kotlin.Boolean origin=null
                              $this: CALL 'public final fun EQEQ (arg0: kotlin.Any?, arg1: kotlin.Any?): kotlin.Boolean declared in kotlin.internal.ir' type=kotlin.Boolean origin=null
                                arg0: GET_VAR 'val tmp0_safe_receiver: de.example.timelapse.camera.CameraInfo? [val] declared in de.example.timelapse.MainActivity.SettingsScreen.<no name provided>.invokeSuspend' type=de.example.timelapse.camera.CameraInfo? origin=null
                                arg1: CONST Null type=kotlin.Nothing? value=null
                          then: CALL 'public final fun let <T, R> (block: kotlin.Function1<T of kotlin.StandardKt.let, R of kotlin.StandardKt.let>): R of kotlin.StandardKt.let [inline] declared in kotlin.StandardKt' type=kotlin.Unit origin=null
                            <T>: de.example.timelapse.camera.CameraInfo
                            <R>: kotlin.Unit
                            $receiver: GET_VAR 'val tmp0_safe_receiver: de.example.timelapse.camera.CameraInfo? [val] declared in de.example.timelapse.MainActivity.SettingsScreen.<no name provided>.invokeSuspend' type=de.example.timelapse.camera.CameraInfo? origin=null
                            block: BLOCK type=kotlin.Function1<de.example.timelapse.camera.CameraInfo, kotlin.Unit> origin=LAMBDA
                              COMPOSITE type=kotlin.Unit origin=null
                              FUNCTION_REFERENCE 'private final fun invokeSuspend$lambda$0 ($s: de.example.timelapse.SettingsManager, it: de.example.timelapse.camera.CameraInfo): kotlin.Unit declared in de.example.timelapse.MainActivity.SettingsScreen.<no name provided>' type=kotlin.Function1<de.example.timelapse.camera.CameraInfo, kotlin.Unit> origin=INLINE_LAMBDA reflectionTarget=null
                                $s: GET_FIELD 'FIELD FIELD_FOR_CAPTURED_VALUE name:$s type:de.example.timelapse.SettingsManager visibility:public/*package*/ [final] declared in de.example.timelapse.MainActivity.SettingsScreen.<no name provided>' type=de.example.timelapse.SettingsManager origin=null
                                  receiver: GET_VAR '<this>: de.example.timelapse.MainActivity.SettingsScreen.<no name provided> declared in de.example.timelapse.MainActivity.SettingsScreen.<no name provided>.invokeSuspend' type=de.example.timelapse.MainActivity.SettingsScreen.<no name provided> origin=null
                        BRANCH
                          if: CONST Boolean type=kotlin.Boolean value=true
                          then: CONST Null type=kotlin.Nothing? value=null
          FUN name:create visibility:public modality:FINAL <> ($this:de.example.timelapse.MainActivity.SettingsScreen.<no name provided>, value:kotlin.Any?, $completion:kotlin.coroutines.Continuation<kotlin.Nothing>) returnType:kotlin.coroutines.Continuation<kotlin.Unit>
            overridden:
              public open fun create (value: kotlin.Any?, $completion: kotlin.coroutines.Continuation<kotlin.Nothing>): kotlin.coroutines.Continuation<kotlin.Unit> declared in kotlin.coroutines.jvm.internal.SuspendLambda
            $this: VALUE_PARAMETER INSTANCE_RECEIVER name:<this> type:de.example.timelapse.MainActivity.SettingsScreen.<no name provided>
            VALUE_PARAMETER name:value index:0 type:kotlin.Any?
            VALUE_PARAMETER name:$completion index:1 type:kotlin.coroutines.Continuation<kotlin.Nothing>
            BLOCK_BODY
              RETURN type=kotlin.Nothing from='public final fun create (value: kotlin.Any?, $completion: kotlin.coroutines.Continuation<kotlin.Nothing>): kotlin.coroutines.Continuation<kotlin.Unit> declared in de.example.timelapse.MainActivity.SettingsScreen.<no name provided>'
                CONSTRUCTOR_CALL 'public/*package*/ constructor <init> (this$0: de.example.timelapse.MainActivity, $s: de.example.timelapse.SettingsManager, $cameras$delegate: androidx.compose.runtime.MutableState<kotlin.collections.List<de.example.timelapse.camera.CameraInfo>>, $completion: kotlin.coroutines.Continuation<de.example.timelapse.MainActivity.SettingsScreen.<no name provided>>?) [primary] declared in de.example.timelapse.MainActivity.SettingsScreen.<no name provided>' type=de.example.timelapse.MainActivity.SettingsScreen.<no name provided> origin=null
                  this$0: GET_FIELD 'FIELD FIELD_FOR_CAPTURED_VALUE name:this$0 type:de.example.timelapse.MainActivity visibility:public/*package*/ [final] declared in de.example.timelapse.MainActivity.SettingsScreen.<no name provided>' type=de.example.timelapse.MainActivity origin=null
                    receiver: GET_VAR '<this>: de.example.timelapse.MainActivity.SettingsScreen.<no name provided> declared in de.example.timelapse.MainActivity.SettingsScreen.<no name provided>.create' type=de.example.timelapse.MainActivity.SettingsScreen.<no name provided> origin=null
                  $s: GET_FIELD 'FIELD FIELD_FOR_CAPTURED_VALUE name:$s type:de.example.timelapse.SettingsManager visibility:public/*package*/ [final] declared in de.example.timelapse.MainActivity.SettingsScreen.<no name provided>' type=de.example.timelapse.SettingsManager origin=null
                    receiver: GET_VAR '<this>: de.example.timelapse.MainActivity.SettingsScreen.<no name provided> declared in de.example.timelapse.MainActivity.SettingsScreen.<no name provided>.create' type=de.example.timelapse.MainActivity.SettingsScreen.<no name provided> origin=null
                  $cameras$delegate: GET_FIELD 'FIELD FIELD_FOR_CAPTURED_VALUE name:$cameras$delegate type:androidx.compose.runtime.MutableState<kotlin.collections.List<de.example.timelapse.camera.CameraInfo>> visibility:public/*package*/ [final] declared in de.example.timelapse.MainActivity.SettingsScreen.<no name provided>' type=androidx.compose.runtime.MutableState<kotlin.collections.List<de.example.timelapse.camera.CameraInfo>> origin=null
                    receiver: GET_VAR '<this>: de.example.timelapse.MainActivity.SettingsScreen.<no name provided> declared in de.example.timelapse.MainActivity.SettingsScreen.<no name provided>.create' type=de.example.timelapse.MainActivity.SettingsScreen.<no name provided> origin=null
                  $completion: GET_VAR '$completion: kotlin.coroutines.Continuation<kotlin.Nothing> declared in de.example.timelapse.MainActivity.SettingsScreen.<no name provided>.create' type=kotlin.coroutines.Continuation<kotlin.Nothing> origin=null
          FUN name:invoke visibility:public modality:FINAL <> ($this:de.example.timelapse.MainActivity.SettingsScreen.<no name provided>, p1:kotlinx.coroutines.CoroutineScope, p2:kotlin.coroutines.Continuation<kotlin.Unit>?) returnType:kotlin.Any?
            overridden:
              public abstract fun invoke (p1: P1 of kotlin.jvm.functions.Function2, p2: P2 of kotlin.jvm.functions.Function2): R of kotlin.jvm.functions.Function2 declared in kotlin.jvm.functions.Function2
            $this: VALUE_PARAMETER INSTANCE_RECEIVER name:<this> type:de.example.timelapse.MainActivity.SettingsScreen.<no name provided>
            VALUE_PARAMETER name:p1 index:0 type:kotlinx.coroutines.CoroutineScope
            VALUE_PARAMETER name:p2 index:1 type:kotlin.coroutines.Continuation<kotlin.Unit>?
            BLOCK_BODY
              RETURN type=kotlin.Nothing from='public final fun invoke (p1: kotlinx.coroutines.CoroutineScope, p2: kotlin.coroutines.Continuation<kotlin.Unit>?): kotlin.Any? declared in de.example.timelapse.MainActivity.SettingsScreen.<no name provided>'
                CALL 'public final fun invokeSuspend ($result: kotlin.Result<kotlin.Any?>): kotlin.Any? declared in de.example.timelapse.MainActivity.SettingsScreen.<no name provided>' type=kotlin.Any? origin=null
                  $this: TYPE_OP type=de.example.timelapse.MainActivity.SettingsScreen.<no name provided> origin=IMPLICIT_CAST typeOperand=de.example.timelapse.MainActivity.SettingsScreen.<no name provided>
                    CALL 'public final fun create (value: kotlin.Any?, $completion: kotlin.coroutines.Continuation<kotlin.Nothing>): kotlin.coroutines.Continuation<kotlin.Unit> declared in de.example.timelapse.MainActivity.SettingsScreen.<no name provided>' type=kotlin.coroutines.Continuation<kotlin.Unit> origin=null
                      $this: GET_VAR '<this>: de.example.timelapse.MainActivity.SettingsScreen.<no name provided> declared in de.example.timelapse.MainActivity.SettingsScreen.<no name provided>.invoke' type=de.example.timelapse.MainActivity.SettingsScreen.<no name provided> origin=null
                      value: GET_VAR 'p1: kotlinx.coroutines.CoroutineScope declared in de.example.timelapse.MainActivity.SettingsScreen.<no name provided>.invoke' type=kotlinx.coroutines.CoroutineScope origin=null
                      $completion: GET_VAR 'p2: kotlin.coroutines.Continuation<kotlin.Unit>? declared in de.example.timelapse.MainActivity.SettingsScreen.<no name provided>.invoke' type=kotlin.coroutines.Continuation<kotlin.Unit>? origin=null
                  $result: CALL 'public final fun <unsafe-coerce> <T, R> (v: T of kotlin.jvm.internal.<unsafe-coerce>): R of kotlin.jvm.internal.<unsafe-coerce> declared in kotlin.jvm.internal' type=kotlin.Result<kotlin.Any?> origin=null
                    <T>: kotlin.Any?
                    <R>: kotlin.Result<kotlin.Any?>
                    v: GET_FIELD 'FIELD FIELD_FOR_OBJECT_INSTANCE name:INSTANCE type:kotlin.Unit visibility:public [final,static] declared in kotlin.Unit' type=kotlin.Unit origin=null
          FIELD FIELD_FOR_CAPTURED_VALUE name:this$0 type:de.example.timelapse.MainActivity visibility:public/*package*/ [final]
          FIELD FIELD_FOR_CAPTURED_VALUE name:$s type:de.example.timelapse.SettingsManager visibility:public/*package*/ [final]
          FIELD FIELD_FOR_CAPTURED_VALUE name:$cameras$delegate type:androidx.compose.runtime.MutableState<kotlin.collections.List<de.example.timelapse.camera.CameraInfo>> visibility:public/*package*/ [final]
          FUN INLINE_LAMBDA name:invokeSuspend$lambda$0 visibility:private modality:FINAL <> ($s:de.example.timelapse.SettingsManager, it:de.example.timelapse.camera.CameraInfo) returnType:kotlin.Unit
            VALUE_PARAMETER BOUND_VALUE_PARAMETER name:$s index:0 type:de.example.timelapse.SettingsManager
            VALUE_PARAMETER name:it index:1 type:de.example.timelapse.camera.CameraInfo
            BLOCK_BODY
              VAR name:$i$a$-let-MainActivity$SettingsScreen$1$1 type:kotlin.Int [val]
                CONST Int type=kotlin.Int value=0
              CALL 'public final fun <set-cameraId> (v: kotlin.String): kotlin.Unit declared in de.example.timelapse.SettingsManager' type=kotlin.Unit origin=EQ
                $this: GET_VAR '$s: de.example.timelapse.SettingsManager declared in de.example.timelapse.MainActivity.SettingsScreen.<no name provided>.invokeSuspend$lambda$0' type=de.example.timelapse.SettingsManager origin=null
                v: CALL 'public final fun <get-id> (): kotlin.String declared in de.example.timelapse.camera.CameraInfo' type=kotlin.String origin=GET_PROPERTY
                  $this: GET_VAR 'it: de.example.timelapse.camera.CameraInfo declared in de.example.timelapse.MainActivity.SettingsScreen.<no name provided>.invokeSuspend$lambda$0' type=de.example.timelapse.camera.CameraInfo origin=null
          FUN BRIDGE name:invoke visibility:public modality:OPEN <> ($this:de.example.timelapse.MainActivity.SettingsScreen.<no name provided>, p1:kotlin.Any?, p2:kotlin.Any?) returnType:kotlin.Any?
            $this: VALUE_PARAMETER INSTANCE_RECEIVER name:<this> type:de.example.timelapse.MainActivity.SettingsScreen.<no name provided>
            VALUE_PARAMETER BRIDGE name:p1 index:0 type:kotlin.Any?
            VALUE_PARAMETER BRIDGE name:p2 index:1 type:kotlin.Any?
            EXPRESSION_BODY
              RETURN type=kotlin.Nothing from='public open fun invoke (p1: kotlin.Any?, p2: kotlin.Any?): kotlin.Any? declared in de.example.timelapse.MainActivity.SettingsScreen.<no name provided>'
                CALL 'public final fun invoke (p1: kotlinx.coroutines.CoroutineScope, p2: kotlin.coroutines.Continuation<kotlin.Unit>?): kotlin.Any? declared in de.example.timelapse.MainActivity.SettingsScreen.<no name provided>' type=kotlin.Any? origin=BRIDGE_DELEGATION
                  $this: GET_VAR '<this>: de.example.timelapse.MainActivity.SettingsScreen.<no name provided> declared in de.example.timelapse.MainActivity.SettingsScreen.<no name provided>.invoke' type=de.example.timelapse.MainActivity.SettingsScreen.<no name provided> origin=null
                  p1: TYPE_OP type=kotlinx.coroutines.CoroutineScope origin=IMPLICIT_CAST typeOperand=kotlinx.coroutines.CoroutineScope
                    GET_VAR 'p1: kotlin.Any? declared in de.example.timelapse.MainActivity.SettingsScreen.<no name provided>.invoke' type=kotlin.Any? origin=null
                  p2: TYPE_OP type=kotlin.coroutines.Continuation<*> origin=IMPLICIT_CAST typeOperand=kotlin.coroutines.Continuation<*>
                    GET_VAR 'p2: kotlin.Any? declared in de.example.timelapse.MainActivity.SettingsScreen.<no name provided>.invoke' type=kotlin.Any? origin=null
        CONSTRUCTOR_CALL 'public/*package*/ constructor <init> (this$0: de.example.timelapse.MainActivity, $s: de.example.timelapse.SettingsManager, $cameras$delegate: androidx.compose.runtime.MutableState<kotlin.collections.List<de.example.timelapse.camera.CameraInfo>>, $completion: kotlin.coroutines.Continuation<de.example.timelapse.MainActivity.SettingsScreen.<no name provided>>?) [primary] declared in de.example.timelapse.MainActivity.SettingsScreen.<no name provided>' type=de.example.timelapse.MainActivity.SettingsScreen.<no name provided> origin=null
          this$0: GET_VAR '<this>: de.example.timelapse.MainActivity declared in de.example.timelapse.MainActivity.SettingsScreen' type=de.example.timelapse.MainActivity origin=null
          $s: GET_VAR 'val s: de.example.timelapse.SettingsManager [val] declared in de.example.timelapse.MainActivity.SettingsScreen' type=de.example.timelapse.SettingsManager origin=null
          $cameras$delegate: GET_VAR 'val cameras$delegate: androidx.compose.runtime.MutableState<kotlin.collections.List<de.example.timelapse.camera.CameraInfo>> [val] declared in de.example.timelapse.MainActivity.SettingsScreen' type=androidx.compose.runtime.MutableState<kotlin.collections.List<de.example.timelapse.camera.CameraInfo>> origin=null
          $completion: CONST Null type=kotlin.Nothing? value=null
    CALL 'public final fun MaterialTheme$default (colorScheme: androidx.compose.material3.ColorScheme?, shapes: androidx.compose.material3.Shapes?, typography: androidx.compose.material3.Typography?, content: @[Composable] kotlin.Function0<kotlin.Unit>, $mask0: kotlin.Int, $handler: kotlin.Any?): kotlin.Unit declared in androidx.compose.material3.MaterialThemeKt' type=kotlin.Unit origin=DEFAULT_DISPATCH_CALL
      colorScheme: COMPOSITE type=androidx.compose.material3.ColorScheme? origin=DEFAULT_VALUE
        CONST Null type=androidx.compose.material3.ColorScheme? value=null
      shapes: COMPOSITE type=androidx.compose.material3.Shapes? origin=DEFAULT_VALUE
        CONST Null type=androidx.compose.material3.Shapes? value=null
      typography: COMPOSITE type=androidx.compose.material3.Typography? origin=DEFAULT_VALUE
        CONST Null type=androidx.compose.material3.Typography? value=null
      content: BLOCK type=kotlin.Function0<kotlin.Unit> origin=LAMBDA
        COMPOSITE type=kotlin.Unit origin=null
        CALL 'public final fun <jvm-indy> <T> (dynamicCall: T of kotlin.jvm.internal.<jvm-indy>, bootstrapMethodHandle: kotlin.Any, vararg bootstrapMethodArguments: kotlin.Any): T of kotlin.jvm.internal.<jvm-indy> declared in kotlin.jvm.internal' type=kotlin.Function0<kotlin.Unit> origin=null
          <T>: kotlin.Function0<kotlin.Unit>
          dynamicCall: CALL 'public final fun invoke (p0: androidx.compose.runtime.MutableState<kotlin.String>, p1: de.example.timelapse.SettingsManager, p2: androidx.compose.runtime.MutableState<kotlin.Boolean>, p3: de.example.timelapse.MainActivity, p4: androidx.compose.runtime.MutableState<kotlin.String>, p5: androidx.compose.runtime.MutableState<kotlin.collections.List<de.example.timelapse.camera.CameraInfo>>, p6: androidx.compose.runtime.MutableState<kotlin.Boolean>, p7: androidx.compose.runtime.MutableState<kotlin.String>, p8: androidx.compose.runtime.MutableState<kotlin.String>): kotlin.Function0<kotlin.Unit> declared in kotlin.jvm.internal.invokeDynamic' type=kotlin.Function0<kotlin.Unit> origin=null
            p0: GET_VAR 'val name$delegate: androidx.compose.runtime.MutableState<kotlin.String> [val] declared in de.example.timelapse.MainActivity.SettingsScreen' type=androidx.compose.runtime.MutableState<kotlin.String> origin=null
            p1: GET_VAR 'val s: de.example.timelapse.SettingsManager [val] declared in de.example.timelapse.MainActivity.SettingsScreen' type=de.example.timelapse.SettingsManager origin=null
            p2: GET_VAR 'val enabled$delegate: androidx.compose.runtime.MutableState<kotlin.Boolean> [val] declared in de.example.timelapse.MainActivity.SettingsScreen' type=androidx.compose.runtime.MutableState<kotlin.Boolean> origin=null
            p3: GET_VAR '<this>: de.example.timelapse.MainActivity declared in de.example.timelapse.MainActivity.SettingsScreen' type=de.example.timelapse.MainActivity origin=null
            p4: GET_VAR 'val interval$delegate: androidx.compose.runtime.MutableState<kotlin.String> [val] declared in de.example.timelapse.MainActivity.SettingsScreen' type=androidx.compose.runtime.MutableState<kotlin.String> origin=null
            p5: GET_VAR 'val cameras$delegate: androidx.compose.runtime.MutableState<kotlin.collections.List<de.example.timelapse.camera.CameraInfo>> [val] declared in de.example.timelapse.MainActivity.SettingsScreen' type=androidx.compose.runtime.MutableState<kotlin.collections.List<de.example.timelapse.camera.CameraInfo>> origin=null
            p6: GET_VAR 'val smb$delegate: androidx.compose.runtime.MutableState<kotlin.Boolean> [val] declared in de.example.timelapse.MainActivity.SettingsScreen' type=androidx.compose.runtime.MutableState<kotlin.Boolean> origin=null
            p7: GET_VAR 'val smbHost$delegate: androidx.compose.runtime.MutableState<kotlin.String> [val] declared in de.example.timelapse.MainActivity.SettingsScreen' type=androidx.compose.runtime.MutableState<kotlin.String> origin=null
            p8: GET_VAR 'val host$delegate: androidx.compose.runtime.MutableState<kotlin.String> [val] declared in de.example.timelapse.MainActivity.SettingsScreen' type=androidx.compose.runtime.MutableState<kotlin.String> origin=null
          bootstrapMethodHandle: CALL 'public final fun <jvm-method-handle> (tag: kotlin.Int, owner: kotlin.String, name: kotlin.String, descriptor: kotlin.String, isInterface: kotlin.Boolean): kotlin.Any declared in kotlin.jvm.internal' type=kotlin.Any origin=null
            tag: CONST Int type=kotlin.Int value=6
            owner: CONST String type=kotlin.String value="java/lang/invoke/LambdaMetafactory"
            name: CONST String type=kotlin.String value="metafactory"
            descriptor: CONST String type=kotlin.String value="(Ljava/lang/invoke/MethodHandles$Lookup;Ljava/lang/String;Ljava/lang/invoke/MethodType;Ljava/lang/invoke/MethodType;Ljava/lang/invoke/MethodHandle;Ljava/lang/invoke/MethodType;)Ljava/lang/invoke/CallSite;"
            isInterface: CONST Boolean type=kotlin.Boolean value=false
          bootstrapMethodArguments: VARARG type=kotlin.Array<kotlin.Any> varargElementType=kotlin.Any
            CALL 'public final fun <jvm-original-method-type> (method: kotlin.Any): kotlin.Any declared in kotlin.jvm.internal' type=kotlin.Any origin=null
              method: RAW_FUNCTION_REFERENCE 'public abstract fun invoke (): R of kotlin.Function0 [operator] declared in kotlin.Function0' type=kotlin.Any
            RAW_FUNCTION_REFERENCE 'private final fun SettingsScreen$lambda$75 ($name$delegate: androidx.compose.runtime.MutableState<kotlin.String>, $s: de.example.timelapse.SettingsManager, $enabled$delegate: androidx.compose.runtime.MutableState<kotlin.Boolean>, this$0: de.example.timelapse.MainActivity, $interval$delegate: androidx.compose.runtime.MutableState<kotlin.String>, $cameras$delegate: androidx.compose.runtime.MutableState<kotlin.collections.List<de.example.timelapse.camera.CameraInfo>>, $smb$delegate: androidx.compose.runtime.MutableState<kotlin.Boolean>, $smbHost$delegate: androidx.compose.runtime.MutableState<kotlin.String>, $host$delegate: androidx.compose.runtime.MutableState<kotlin.String>): kotlin.Unit? declared in de.example.timelapse.MainActivity' type=kotlin.Any
            CALL 'public final fun <jvm-original-method-type> (method: kotlin.Any): kotlin.Any declared in kotlin.jvm.internal' type=kotlin.Any origin=null
              method: RAW_FUNCTION_REFERENCE 'public abstract fun invoke (): kotlin.Unit? [fake_override,operator] declared in kotlin.jvm.internal.invokeDynamic.<fake>' type=kotlin.Any
      $mask0: CONST Int type=kotlin.Int value=7
      $handler: CONST Null type=kotlin.Any? value=null

	at org.jetbrains.kotlin.backend.jvm.codegen.FunctionCodegen.generate(FunctionCodegen.kt:47)
	at org.jetbrains.kotlin.backend.jvm.codegen.FunctionCodegen.generate$default(FunctionCodegen.kt:40)
	at org.jetbrains.kotlin.backend.jvm.codegen.ClassCodegen.generateMethodNode(ClassCodegen.kt:406)
	at org.jetbrains.kotlin.backend.jvm.codegen.ClassCodegen.generateMethod(ClassCodegen.kt:423)
	at org.jetbrains.kotlin.backend.jvm.codegen.ClassCodegen.generate(ClassCodegen.kt:168)
	at org.jetbrains.kotlin.backend.jvm.FileCodegen.lower(JvmPhases.kt:39)
	at org.jetbrains.kotlin.backend.common.phaser.PhaseFactoriesKt.createFilePhase$lambda$4(PhaseFactories.kt:71)
	at org.jetbrains.kotlin.backend.common.phaser.PhaseBuildersKt$createSimpleNamedCompilerPhase$1.phaseBody(PhaseBuilders.kt:69)
	at org.jetbrains.kotlin.backend.common.phaser.SimpleNamedCompilerPhase.phaseBody(CompilerPhase.kt:226)
	at org.jetbrains.kotlin.backend.common.phaser.AbstractNamedCompilerPhase.invoke(CompilerPhase.kt:113)
	at org.jetbrains.kotlin.backend.common.phaser.PerformByIrFilePhase.invokeSequential(performByIrFile.kt:62)
	... 38 more
Caused by: org.jetbrains.kotlin.codegen.CompilationException: Back-end (JVM) Internal error: Couldn't inline method call: CALL 'public final fun remember <T> (calculation: @[DisallowComposableCalls] kotlin.Function0<T of androidx.compose.runtime.ComposablesKt.remember>): T of androidx.compose.runtime.ComposablesKt.remember [inline] declared in androidx.compose.runtime.ComposablesKt' type=de.example.timelapse.SettingsManager origin=null
Method: null
File is unknown
The root cause java.lang.IllegalStateException was thrown at: org.jetbrains.kotlin.codegen.inline.SourceCompilerForInlineKt.getMethodNode(SourceCompilerForInline.kt:118)
	at org.jetbrains.kotlin.codegen.inline.InlineCodegen.performInline(InlineCodegen.kt:65)
	at org.jetbrains.kotlin.backend.jvm.codegen.IrInlineCodegen.genInlineCall(IrInlineCodegen.kt:163)
	at org.jetbrains.kotlin.backend.jvm.codegen.IrInlineCallGenerator.genCall(IrInlineCallGenerator.kt:36)
	at org.jetbrains.kotlin.backend.jvm.codegen.ExpressionCodegen.visitCall(ExpressionCodegen.kt:653)
	at org.jetbrains.kotlin.backend.jvm.codegen.ExpressionCodegen.visitCall(ExpressionCodegen.kt:138)
	at org.jetbrains.kotlin.ir.expressions.IrCall.accept(IrCall.kt:24)
	at org.jetbrains.kotlin.backend.jvm.codegen.ExpressionCodegen.visitVariable(ExpressionCodegen.kt:790)
	at org.jetbrains.kotlin.backend.jvm.codegen.ExpressionCodegen.visitVariable(ExpressionCodegen.kt:138)
	at org.jetbrains.kotlin.ir.declarations.IrVariable.accept(IrVariable.kt:36)
	at org.jetbrains.kotlin.backend.jvm.codegen.ExpressionCodegen.visitStatementContainer(ExpressionCodegen.kt:579)
	at org.jetbrains.kotlin.backend.jvm.codegen.ExpressionCodegen.visitBlockBody(ExpressionCodegen.kt:584)
	at org.jetbrains.kotlin.backend.jvm.codegen.ExpressionCodegen.visitBlockBody(ExpressionCodegen.kt:138)
	at org.jetbrains.kotlin.ir.expressions.IrBlockBody.accept(IrBlockBody.kt:20)
	at org.jetbrains.kotlin.backend.jvm.codegen.ExpressionCodegen.generate(ExpressionCodegen.kt:240)
	at org.jetbrains.kotlin.backend.jvm.codegen.FunctionCodegen.doGenerate(FunctionCodegen.kt:123)
	at org.jetbrains.kotlin.backend.jvm.codegen.FunctionCodegen.generate(FunctionCodegen.kt:44)
	... 48 more
Caused by: java.lang.IllegalStateException: couldn't find inline method Landroidx/compose/runtime/ComposablesKt;.remember(Lkotlin/jvm/functions/Function0;)Ljava/lang/Object;
	at org.jetbrains.kotlin.codegen.inline.SourceCompilerForInlineKt.getMethodNode(SourceCompilerForInline.kt:118)
	at org.jetbrains.kotlin.codegen.inline.SourceCompilerForInlineKt.loadCompiledInlineFunction(SourceCompilerForInline.kt:96)
	at org.jetbrains.kotlin.backend.jvm.codegen.IrSourceCompilerForInline.compileInlineFunction(IrSourceCompilerForInline.kt:91)
	at org.jetbrains.kotlin.codegen.inline.InlineCodegen.compileInline(InlineCodegen.kt:43)
	at org.jetbrains.kotlin.codegen.inline.InlineCodegen.performInline(InlineCodegen.kt:51)
	... 63 more


